AREA .  .ABS.
	RADIX HEX
	BASE 0000
	SIZE 0000
	ATTRIB ABS OVR
	GLOBALS
		l__HEAP	0000
		l__BSEG	0000
		l_.  .ABS.	0000
		l__GSFINAL	0000
		l__ISEG	0000
		s_.  .ABS.	0000
		s__HEADER	0000
		l__XSEG	0000
		.init	0000
		l__OVERLAY	0000
		l__LIT	0000
		s__SFR	0000
		l__GSINITTAIL	0001
		l__BSS	0089
		l__HEADER	01EB
		s__CODE	0200
		l__HOME	04AF
		l__DATA	0939
		l__BASE	114A
		l__CODE	200F
		s__HOME	220F
		s__BASE	26BE
		l__GSINIT	3529
		s__LIT	3808
		s__GSINIT	3808
		s__GSINITTAIL	6D31
		s__GSFINAL	6D32
		.OAM	C000
		s__DATA	C0A0
		s__BSS	C9D9
		s__HEAP	CA62
		s__BSEG	CA62
		s__ISEG	CA62
		s__XSEG	CA62
		s__OVERLAY	CA62
		.STACK	E000
		.refresh_OAM	FF80
		l__SFR	10000
AREA _CODE
	RADIX HEX
	BASE 0200
	SIZE 200F
	ATTRIB REL CON
	GLOBALS
		_animate_Sprite	0200
		_empty_Tile	028F
		_enable_Movement	0290
		_instantiate_Player	02B0
		_move_Player	050B
		_update_Player	067A
		_convert_Map_Position	067B
		_blankmap	0713
		_convert_Room_Position	0714
		_door_Placement	07A2
		_move_Background	0CED
		_set_Map	12E4
		_swap_Room	14C0
		_title_screen	16D4
		_main	1A19
		_putchar	1A73
		_setchar	1A7C
		_gotoxy	1A85
		_posx	1A90
		_posy	1AA1
		.adv_gcurs	1AB2
		.circle	1ACF
		.horlin	1B72
		.verlin	1BAA
		.circplot	1C06
		.box	1C84
		.line	1D5A
		.xonly	1E7B
		.yonly	1FCA
		.plot	1FEB
		.wrbyte	2008
		.getpix	208A
		.wrtchr	20BF
		_gotogxy	2123
		_wrtchr	212E
		_getpix	2143
		_color	214F
		_circle	215E
		_box	2178
		_line	219C
		_plot_point	21B4
		_plot	21C8
		_rand	21E4
		_randw	21E4
AREA _HEADER
	RADIX HEX
	BASE 0000
	SIZE 01EB
	ATTRIB ABS OVR
	GLOBALS
		_exit	01D2
AREA _HOME
	RADIX HEX
	BASE 220F
	SIZE 04AF
	ATTRIB REL CON
	GLOBALS
		.set_mode	220F
		.remove_VBL	221F
		.remove_LCD	2225
		.remove_TIM	222B
		.remove_SIO	2231
		.remove_JOY	2237
		.add_VBL	223D
		.add_LCD	2243
		.add_TIM	2249
		.add_SIO	224F
		.add_JOY	2255
		.remove_int	225B
		.add_int	227B
		.wait_vbl_done	2297
		_wait_vbl_done	2297
		_display_off	22AE
		.display_off	22AE
		.serial_IO	22CF
		_mode	22FE
		_get_mode	2307
		_enable_interrupts	230C
		_disable_interrupts	230E
		_reset	2310
		.reset	2310
		_set_interrupts	2316
		_remove_VBL	2321
		_remove_LCD	232C
		_remove_TIM	2337
		_remove_SIO	2342
		_remove_JOY	234D
		_add_VBL	2358
		_add_LCD	2363
		_add_TIM	236E
		_add_SIO	2379
		_add_JOY	2384
		_clock	238F
		__printTStates	2398
		banked_call	2399
		banked_ret	23B2
		_printf	23BB
		_sprintf	23EA
AREA _BASE
	RADIX HEX
	BASE 26BE
	SIZE 114A
	ATTRIB REL CON
	GLOBALS
		_scroll_bkg	26BE
		font_copy_uncompressed	26D4
		font_copy_compressed	270A
		font_load	275F
		font_copy_current	27A7
		font_set	27EF
		.put_char	27FC
		.out_char	2815
		.del_char	281C
		_font_load	2877
		_font_set	2885
		_font_init	2894
		_cls	28B6
		.cls	28B6
		.cr_curs	28E8
		.adv_curs	28FD
		.tmode	2959
		.tmode_out	2982
		__mulschar	2992
		__muluchar	2992
		__mulsint	299E
		__muluint	299E
		.mulu16	29B2
		.mul16	29B2
		.mv_sprite	29C8
		_move_sprite	29D7
		_set_win_data	29E4
		_set_bkg_data	29E4
		_set_sprite_data	2A31
		_font_load_ibm_fixed	2A60
		_font_ibm_fixed	2A67
		_font_ibm_fixed_tiles	2B69
		.gmode	3369
		.vbl	33CB
		.lcd	33D6
		.draw_image	33E3
		.switch_data	33ED
		_switch_data	3424
		_draw_image	343F
		.y_table	3452
		.scroll_sprite	3572
		_scroll_sprite	3583
		.padup	3590
		_waitpadup	3590
		.jpad	35A0
		.wait_pad	35CD
		_joypad	35D4
		_waitpad	35D9
		.set_sprite_tile	35E3
		_set_sprite_tile	35F0
		.delay	35FB
		_delay	3635
		.init_vram	363E
		.init_wtt	364C
		.init_btt	365C
		.init_tt	366A
		_initrand	3670
		.initrand	3672
		.copy_vram	367B
		_get_data	368A
		_set_data	368A
		_set_bkg_tiles	369D
		__modslong	36B1
		__divslong	36B1
		__mulslong	36B1
		__divschar	36B2
		__modschar	36BE
		__divsint	36C9
		__modsint	36DA
		__divuchar	36E9
		__moduchar	36F5
		__divuint	3700
		__moduint	3711
		.mod8	3720
		.div8	3720
		.mod16	3728
		.div16	3728
		.modu8	375E
		.divu8	375E
		.modu16	3761
		.divu16	3761
		.set_xy_wtt	379E
		.set_xy_btt	37AF
		.set_xy_tt	37BE
		_set_tiles	37EF
AREA _LIT
	RADIX HEX
	BASE 3808
	SIZE 0000
	ATTRIB REL CON
AREA _GSINIT
	RADIX HEX
	BASE 3808
	SIZE 3529
	ATTRIB REL CON
	GLOBALS
		gsinit	3808
AREA _GSINITTAIL
	RADIX HEX
	BASE 6D31
	SIZE 0001
	ATTRIB REL CON
AREA _GSFINAL
	RADIX HEX
	BASE 6D32
	SIZE 0000
	ATTRIB REL CON
AREA _DATA
	RADIX HEX
	BASE C0A0
	SIZE 0939
	ATTRIB REL CON
	GLOBALS
		_dungeon_Item_Tileset	C0A0
		_dungeon_Sprites	C0A8
		_dungeon_Room_One	C128
		_dungeon_Room_Two	C528
		_character_With_A_Hat	C928
		_can_The_Player_Move	C948
		_has_Empty_Tile_Been_Found	C949
		_has_Players_Position_Been_Set	C94A
		_index_Top_Left_X	C94B
		_index_Top_Left_Y	C94D
		_tile_Index_Top_Left	C94F
		_instantiated_Position_On_Map	C951
		_player_Position	C959
		_player_Starting_Position	C95D
		_direction	C961
		_can_The_Screen_Transition	C962
		_has_Map_Changed	C963
		_map_Array	C964
		_current_Position_In_Room	C968
		_current_Position_On_Map	C96A
		_door_Counter	C96C
		_itlx	C96E
		_itly	C970
		_position_Marker	C972
		_temporary_Position_Marker	C974
		_returned_Map_Height	C976
		_returned_Map_Width	C978
		_size_Of_Current_Room	C97A
		_size_Of_Map	C97C
		_returned_X_Value	C97E
		_temporary_Returned_X_Value	C980
		_returned_Y_Value	C982
		_temporary_Returned_Y_Value	C984
		_width_Checker	C986
		_door_Position_In_Room	C988
		_map_Index_Array	C990
		_position_On_Map	C9C2
		_room_Height_Array	C9C6
		_room_Width_Array	C9CA
		_has_Columns_Been_Set	C9CE
		_has_Rows_Been_Set	C9CF
		_is_the_Player_Ready	C9D0
		_chosen_Height_Value	C9D1
		_chosen_Width_Value	C9D3
		_r	C9D5
		_seed	C9D7
AREA _BSS
	RADIX HEX
	BASE C9D9
	SIZE 0089
	ATTRIB REL CON
	GLOBALS
		__cpu	C9D9
		.mode	C9DA
		__io_out	C9DB
		__io_in	C9DC
		__io_status	C9DD
		.vbl_done	C9DE
		__current_bank	C9DF
		_sys_time	C9E0
		.sys_time	C9E0
		.int_0x40	C9E2
		.int_0x48	C9F2
		.int_0x50	CA02
		.int_0x58	CA12
		.int_0x60	CA22
		font_current	CA32
		font_first_free_tile	CA35
		font_table	CA36
		.curx	CA48
		.cury	CA49
		.fg_colour	CA4A
		.bg_colour	CA4B
		.randhi	CA5D
		.randlo	CA5E
AREA _HEAP
	RADIX HEX
	BASE CA62
	SIZE 0000
	ATTRIB REL CON
	GLOBALS
		_malloc_heap_start	CA62
AREA _OVERLAY
	RADIX HEX
	BASE CA62
	SIZE 0000
	ATTRIB REL CON
AREA _ISEG
	RADIX HEX
	BASE CA62
	SIZE 0000
	ATTRIB REL CON
AREA _BSEG
	RADIX HEX
	BASE CA62
	SIZE 0000
	ATTRIB REL CON
AREA _XSEG
	RADIX HEX
	BASE CA62
	SIZE 0000
	ATTRIB REL CON
AREA _SFR
	RADIX HEX
	BASE 0000
	SIZE 10000
	ATTRIB ABS OVR
	GLOBALS
		_P1_REG	FF00
		_SB_REG	FF01
		_SC_REG	FF02
		_DIV_REG	FF04
		_TIMA_REG	FF05
		_TMA_REG	FF06
		_TAC_REG	FF07
		_IF_REG	FF0F
		_NR10_REG	FF10
		_NR11_REG	FF11
		_NR12_REG	FF12
		_NR13_REG	FF13
		_NR14_REG	FF14
		_NR21_REG	FF16
		_NR22_REG	FF17
		_NR23_REG	FF18
		_NR24_REG	FF19
		_NR30_REG	FF1A
		_NR31_REG	FF1B
		_NR32_REG	FF1C
		_NR33_REG	FF1D
		_NR34_REG	FF1E
		_NR41_REG	FF20
		_NR42_REG	FF21
		_NR43_REG	FF22
		_NR44_REG	FF23
		_NR50_REG	FF24
		_NR51_REG	FF25
		_NR52_REG	FF26
		_LCDC_REG	FF40
		_STAT_REG	FF41
		_SCY_REG	FF42
		_SCX_REG	FF43
		_LY_REG	FF44
		_LYC_REG	FF45
		_DMA_REG	FF46
		_BGP_REG	FF47
		_OBP0_REG	FF48
		_OBP1_REG	FF49
		_WY_REG	FF4A
		_WX_REG	FF4B
		_KEY1_REG	FF4D
		_VBK_REG	FF4F
		_HDMA1_REG	FF51
		_HDMA2_REG	FF52
		_HDMA3_REG	FF53
		_HDMA4_REG	FF54
		_HDMA5_REG	FF55
		_RP_REG	FF56
		_BCPS_REG	FF68
		_BCPD_REG	FF69
		_OCPS_REG	FF6A
		_OCPD_REG	FF6B
		_SVBK_REG	FF70
		_IE_REG	FFFF
MODULES
	FILE C:\Users\7319a\Desktop\Complex_Game_Systems\gbdk\lib/small/asxxxx/gb/crt0.o
		NAME Runtime
	FILE main.o
		NAME lcc285080
LIBRARIES
	LIBRARY C:\Users\7319a\Desktop\Complex_Game_Systems\gbdk\lib/small/asxxxx/gb/gb.lib
		MODULE sfr.o
	LIBRARY C:\Users\7319a\Desktop\Complex_Game_Systems\gbdk\lib/small/asxxxx/gb/gb.lib
		MODULE scroll_b.o
	LIBRARY C:\Users\7319a\Desktop\Complex_Game_Systems\gbdk\lib/small/asxxxx/gb/gb.lib
		MODULE font.o
	LIBRARY C:\Users\7319a\Desktop\Complex_Game_Systems\gbdk\lib/small/asxxxx/gbz80/gbz80.lib
		MODULE mul.o
	LIBRARY C:\Users\7319a\Desktop\Complex_Game_Systems\gbdk\lib/small/asxxxx/gb/gb.lib
		MODULE mv_spr.o
	LIBRARY C:\Users\7319a\Desktop\Complex_Game_Systems\gbdk\lib/small/asxxxx/gb/gb.lib
		MODULE set_data.o
	LIBRARY C:\Users\7319a\Desktop\Complex_Game_Systems\gbdk\lib/small/asxxxx/gb/gb.lib
		MODULE ibmfixed.o
	LIBRARY C:\Users\7319a\Desktop\Complex_Game_Systems\gbdk\lib/small/asxxxx/gb/gb.lib
		MODULE drawing.o
	LIBRARY C:\Users\7319a\Desktop\Complex_Game_Systems\gbdk\lib/small/asxxxx/gb/gb.lib
		MODULE scroll_s.o
	LIBRARY C:\Users\7319a\Desktop\Complex_Game_Systems\gbdk\lib/small/asxxxx/gb/gb.lib
		MODULE pad.o
	LIBRARY C:\Users\7319a\Desktop\Complex_Game_Systems\gbdk\lib/small/asxxxx/gb/gb.lib
		MODULE set_spr.o
	LIBRARY C:\Users\7319a\Desktop\Complex_Game_Systems\gbdk\lib/small/asxxxx/gb/gb.lib
		MODULE delay.o
	LIBRARY C:\Users\7319a\Desktop\Complex_Game_Systems\gbdk\lib/small/asxxxx/gbz80/gbz80.lib
		MODULE printf.o
	LIBRARY C:\Users\7319a\Desktop\Complex_Game_Systems\gbdk\lib/small/asxxxx/gb/gb.lib
		MODULE init_tt.o
	LIBRARY C:\Users\7319a\Desktop\Complex_Game_Systems\gbdk\lib/small/asxxxx/gb/gb.lib
		MODULE rand.o
	LIBRARY C:\Users\7319a\Desktop\Complex_Game_Systems\gbdk\lib/small/asxxxx/gb/gb.lib
		MODULE cpy_data.o
	LIBRARY C:\Users\7319a\Desktop\Complex_Game_Systems\gbdk\lib/small/asxxxx/gb/gb.lib
		MODULE set_bk_t.o
	LIBRARY C:\Users\7319a\Desktop\Complex_Game_Systems\gbdk\lib/small/asxxxx/gbz80/gbz80.lib
		MODULE div.o
	LIBRARY C:\Users\7319a\Desktop\Complex_Game_Systems\gbdk\lib/small/asxxxx/gb/gb.lib
		MODULE set_xy_t.o
USERBASEDEF
	_CODE=0x0200
	_DATA=0xC0A0
	_CODE_1=0x4000
USERGLOBALDEF
	.OAM=0xC000
	.STACK=0xE000
	.refresh_OAM=0xFF80
	.init=0x0000
