AREA .  .ABS.
	RADIX HEX
	BASE 0000
	SIZE 0000
	ATTRIB ABS OVR
	GLOBALS
		l__HEAP	0000
		l__BSEG	0000
		l_.  .ABS.	0000
		l__GSFINAL	0000
		l__ISEG	0000
		s_.  .ABS.	0000
		s__HEADER	0000
		l__XSEG	0000
		.init	0000
		l__OVERLAY	0000
		l__LIT	0000
		s__SFR	0000
		l__GSINITTAIL	0001
		l__BSS	0089
		l__HEADER	01EB
		s__CODE	0200
		l__HOME	04AF
		l__DATA	0A16
		l__BASE	114A
		l__CODE	14E5
		s__HOME	16E5
		s__BASE	1B94
		s__LIT	2CDE
		s__GSINIT	2CDE
		l__GSINIT	3ADC
		s__GSINITTAIL	67BA
		s__GSFINAL	67BB
		.OAM	C000
		s__DATA	C0A0
		s__BSS	CAB6
		s__HEAP	CB3F
		s__BSEG	CB3F
		s__ISEG	CB3F
		s__XSEG	CB3F
		s__OVERLAY	CB3F
		.STACK	E000
		.refresh_OAM	FF80
		l__SFR	10000
AREA _CODE
	RADIX HEX
	BASE 0200
	SIZE 14E5
	ATTRIB REL CON
	GLOBALS
		_animate_Sprite	0200
		_empty_Tile	028F
		_enable_Movement	0290
		_instantiate_Player	02B0
		_move_Player	0525
		_update_Player	068B
		_convert_Map_Position	068C
		_blankmap	0714
		_convert_Room_Position	0715
		_move_Background	07A3
		_set_Map	0B14
		_swap_Room	0D2F
		_main	0EC3
		_rand	0F49
		_randw	0F49
		_putchar	0F74
		_setchar	0F7D
		_gotoxy	0F86
		_posx	0F91
		_posy	0FA2
		.adv_gcurs	0FB3
		.circle	0FD0
		.horlin	1073
		.verlin	10AB
		.circplot	1107
		.box	1185
		.line	125B
		.xonly	137C
		.yonly	14CB
		.plot	14EC
		.wrbyte	1509
		.getpix	158B
		.wrtchr	15C0
		_gotogxy	1624
		_wrtchr	162F
		_getpix	1644
		_color	1650
		_circle	165F
		_box	1679
		_line	169D
		_plot_point	16B5
		_plot	16C9
AREA _HEADER
	RADIX HEX
	BASE 0000
	SIZE 01EB
	ATTRIB ABS OVR
	GLOBALS
		_exit	01D2
AREA _HOME
	RADIX HEX
	BASE 16E5
	SIZE 04AF
	ATTRIB REL CON
	GLOBALS
		.set_mode	16E5
		.remove_VBL	16F5
		.remove_LCD	16FB
		.remove_TIM	1701
		.remove_SIO	1707
		.remove_JOY	170D
		.add_VBL	1713
		.add_LCD	1719
		.add_TIM	171F
		.add_SIO	1725
		.add_JOY	172B
		.remove_int	1731
		.add_int	1751
		.wait_vbl_done	176D
		_wait_vbl_done	176D
		_display_off	1784
		.display_off	1784
		.serial_IO	17A5
		_mode	17D4
		_get_mode	17DD
		_enable_interrupts	17E2
		_disable_interrupts	17E4
		_reset	17E6
		.reset	17E6
		_set_interrupts	17EC
		_remove_VBL	17F7
		_remove_LCD	1802
		_remove_TIM	180D
		_remove_SIO	1818
		_remove_JOY	1823
		_add_VBL	182E
		_add_LCD	1839
		_add_TIM	1844
		_add_SIO	184F
		_add_JOY	185A
		_clock	1865
		__printTStates	186E
		banked_call	186F
		banked_ret	1888
		_printf	1891
		_sprintf	18C0
AREA _BASE
	RADIX HEX
	BASE 1B94
	SIZE 114A
	ATTRIB REL CON
	GLOBALS
		_scroll_bkg	1B94
		__mulschar	1BAA
		__muluchar	1BAA
		__mulsint	1BB6
		__muluint	1BB6
		.mulu16	1BCA
		.mul16	1BCA
		.mv_sprite	1BE0
		_move_sprite	1BEF
		_set_win_data	1BFC
		_set_bkg_data	1BFC
		_set_sprite_data	1C49
		.scroll_sprite	1C78
		_scroll_sprite	1C89
		.padup	1C96
		_waitpadup	1C96
		.jpad	1CA6
		.wait_pad	1CD3
		_joypad	1CDA
		_waitpad	1CDF
		.set_sprite_tile	1CE9
		_set_sprite_tile	1CF6
		.delay	1D01
		_delay	1D3B
		_initrand	1D44
		.initrand	1D46
		.copy_vram	1D4F
		_get_data	1D5E
		_set_data	1D5E
		_set_bkg_tiles	1D71
		__modslong	1D85
		__divslong	1D85
		__mulslong	1D85
		__divschar	1D86
		__modschar	1D92
		__divsint	1D9D
		__modsint	1DAE
		__divuchar	1DBD
		__moduchar	1DC9
		__divuint	1DD4
		__moduint	1DE5
		.mod8	1DF4
		.div8	1DF4
		.mod16	1DFC
		.div16	1DFC
		.modu8	1E32
		.divu8	1E32
		.modu16	1E35
		.divu16	1E35
		font_copy_uncompressed	1E72
		font_copy_compressed	1EA8
		font_load	1EFD
		font_copy_current	1F45
		font_set	1F8D
		.put_char	1F9A
		.out_char	1FB3
		.del_char	1FBA
		_font_load	2015
		_font_set	2023
		_font_init	2032
		_cls	2054
		.cls	2054
		.cr_curs	2086
		.adv_curs	209B
		.tmode	20F7
		.tmode_out	2120
		_font_load_ibm_fixed	2130
		_font_ibm_fixed	2137
		_font_ibm_fixed_tiles	2239
		.gmode	2A39
		.vbl	2A9B
		.lcd	2AA6
		.draw_image	2AB3
		.switch_data	2ABD
		_switch_data	2AF4
		_draw_image	2B0F
		.y_table	2B22
		.set_xy_wtt	2C42
		.set_xy_btt	2C53
		.set_xy_tt	2C62
		_set_tiles	2C93
		.init_vram	2CAC
		.init_wtt	2CBA
		.init_btt	2CCA
		.init_tt	2CD8
AREA _LIT
	RADIX HEX
	BASE 2CDE
	SIZE 0000
	ATTRIB REL CON
AREA _GSINIT
	RADIX HEX
	BASE 2CDE
	SIZE 3ADC
	ATTRIB REL CON
	GLOBALS
		gsinit	2CDE
AREA _GSINITTAIL
	RADIX HEX
	BASE 67BA
	SIZE 0001
	ATTRIB REL CON
AREA _GSFINAL
	RADIX HEX
	BASE 67BB
	SIZE 0000
	ATTRIB REL CON
AREA _DATA
	RADIX HEX
	BASE C0A0
	SIZE 0A16
	ATTRIB REL CON
	GLOBALS
		_blank_Dungeon_Room	C0A0
		_dungeon_Map_Sprites	C208
		_dungeon_Room_One	C228
		_dungeon_Room_Two	C628
		_character_With_A_Hat	CA28
		_can_The_Player_Move	CA48
		_has_Players_Position_Been_Set	CA49
		_index_Top_Left_X	CA4A
		_index_Top_Left_Y	CA4C
		_tile_Index_Top_Left	CA4E
		_player_Position	CA50
		_player_Starting_Position	CA54
		_direction	CA58
		_can_The_Screen_Transition	CA59
		_has_Count_Been_Reset	CA5A
		_has_Player_Been_Updated	CA5B
		_map_Array	CA5C
		_current_Position_In_Room	CA62
		_current_Position_On_Map	CA64
		_itlx	CA66
		_itly	CA68
		_returned_Map_Height	CA6A
		_returned_Map_Width	CA6C
		_scroll_X	CA6E
		_scroll_Y	CA70
		_size_Of_Map	CA72
		_map_Index_Array	CA74
		_position_On_Map	CAA6
		_room_Height_Array	CAAA
		_room_Width_Array	CAB0
AREA _BSS
	RADIX HEX
	BASE CAB6
	SIZE 0089
	ATTRIB REL CON
	GLOBALS
		__cpu	CAB6
		.mode	CAB7
		__io_out	CAB8
		__io_in	CAB9
		__io_status	CABA
		.vbl_done	CABB
		__current_bank	CABC
		_sys_time	CABD
		.sys_time	CABD
		.int_0x40	CABF
		.int_0x48	CACF
		.int_0x50	CADF
		.int_0x58	CAEF
		.int_0x60	CAFF
		.randhi	CB0F
		.randlo	CB10
		font_current	CB14
		font_first_free_tile	CB17
		font_table	CB18
		.curx	CB2A
		.cury	CB2B
		.fg_colour	CB2C
		.bg_colour	CB2D
AREA _HEAP
	RADIX HEX
	BASE CB3F
	SIZE 0000
	ATTRIB REL CON
	GLOBALS
		_malloc_heap_start	CB3F
AREA _OVERLAY
	RADIX HEX
	BASE CB3F
	SIZE 0000
	ATTRIB REL CON
AREA _ISEG
	RADIX HEX
	BASE CB3F
	SIZE 0000
	ATTRIB REL CON
AREA _BSEG
	RADIX HEX
	BASE CB3F
	SIZE 0000
	ATTRIB REL CON
AREA _XSEG
	RADIX HEX
	BASE CB3F
	SIZE 0000
	ATTRIB REL CON
AREA _SFR
	RADIX HEX
	BASE 0000
	SIZE 10000
	ATTRIB ABS OVR
	GLOBALS
		_P1_REG	FF00
		_SB_REG	FF01
		_SC_REG	FF02
		_DIV_REG	FF04
		_TIMA_REG	FF05
		_TMA_REG	FF06
		_TAC_REG	FF07
		_IF_REG	FF0F
		_NR10_REG	FF10
		_NR11_REG	FF11
		_NR12_REG	FF12
		_NR13_REG	FF13
		_NR14_REG	FF14
		_NR21_REG	FF16
		_NR22_REG	FF17
		_NR23_REG	FF18
		_NR24_REG	FF19
		_NR30_REG	FF1A
		_NR31_REG	FF1B
		_NR32_REG	FF1C
		_NR33_REG	FF1D
		_NR34_REG	FF1E
		_NR41_REG	FF20
		_NR42_REG	FF21
		_NR43_REG	FF22
		_NR44_REG	FF23
		_NR50_REG	FF24
		_NR51_REG	FF25
		_NR52_REG	FF26
		_LCDC_REG	FF40
		_STAT_REG	FF41
		_SCY_REG	FF42
		_SCX_REG	FF43
		_LY_REG	FF44
		_LYC_REG	FF45
		_DMA_REG	FF46
		_BGP_REG	FF47
		_OBP0_REG	FF48
		_OBP1_REG	FF49
		_WY_REG	FF4A
		_WX_REG	FF4B
		_KEY1_REG	FF4D
		_VBK_REG	FF4F
		_HDMA1_REG	FF51
		_HDMA2_REG	FF52
		_HDMA3_REG	FF53
		_HDMA4_REG	FF54
		_HDMA5_REG	FF55
		_RP_REG	FF56
		_BCPS_REG	FF68
		_BCPD_REG	FF69
		_OCPS_REG	FF6A
		_OCPD_REG	FF6B
		_SVBK_REG	FF70
		_IE_REG	FFFF
MODULES
	FILE C:\Users\s189074\Desktop\Complex_Game_Systems\gbdk\lib/small/asxxxx/gb/crt0.o
		NAME Runtime
	FILE main.o
		NAME lcc183000
LIBRARIES
	LIBRARY C:\Users\s189074\Desktop\Complex_Game_Systems\gbdk\lib/small/asxxxx/gb/gb.lib
		MODULE sfr.o
	LIBRARY C:\Users\s189074\Desktop\Complex_Game_Systems\gbdk\lib/small/asxxxx/gb/gb.lib
		MODULE scroll_b.o
	LIBRARY C:\Users\s189074\Desktop\Complex_Game_Systems\gbdk\lib/small/asxxxx/gbz80/gbz80.lib
		MODULE mul.o
	LIBRARY C:\Users\s189074\Desktop\Complex_Game_Systems\gbdk\lib/small/asxxxx/gb/gb.lib
		MODULE mv_spr.o
	LIBRARY C:\Users\s189074\Desktop\Complex_Game_Systems\gbdk\lib/small/asxxxx/gb/gb.lib
		MODULE set_data.o
	LIBRARY C:\Users\s189074\Desktop\Complex_Game_Systems\gbdk\lib/small/asxxxx/gb/gb.lib
		MODULE scroll_s.o
	LIBRARY C:\Users\s189074\Desktop\Complex_Game_Systems\gbdk\lib/small/asxxxx/gb/gb.lib
		MODULE pad.o
	LIBRARY C:\Users\s189074\Desktop\Complex_Game_Systems\gbdk\lib/small/asxxxx/gb/gb.lib
		MODULE set_spr.o
	LIBRARY C:\Users\s189074\Desktop\Complex_Game_Systems\gbdk\lib/small/asxxxx/gb/gb.lib
		MODULE delay.o
	LIBRARY C:\Users\s189074\Desktop\Complex_Game_Systems\gbdk\lib/small/asxxxx/gbz80/gbz80.lib
		MODULE printf.o
	LIBRARY C:\Users\s189074\Desktop\Complex_Game_Systems\gbdk\lib/small/asxxxx/gb/gb.lib
		MODULE rand.o
	LIBRARY C:\Users\s189074\Desktop\Complex_Game_Systems\gbdk\lib/small/asxxxx/gb/gb.lib
		MODULE cpy_data.o
	LIBRARY C:\Users\s189074\Desktop\Complex_Game_Systems\gbdk\lib/small/asxxxx/gb/gb.lib
		MODULE set_bk_t.o
	LIBRARY C:\Users\s189074\Desktop\Complex_Game_Systems\gbdk\lib/small/asxxxx/gbz80/gbz80.lib
		MODULE div.o
	LIBRARY C:\Users\s189074\Desktop\Complex_Game_Systems\gbdk\lib/small/asxxxx/gb/gb.lib
		MODULE font.o
	LIBRARY C:\Users\s189074\Desktop\Complex_Game_Systems\gbdk\lib/small/asxxxx/gb/gb.lib
		MODULE ibmfixed.o
	LIBRARY C:\Users\s189074\Desktop\Complex_Game_Systems\gbdk\lib/small/asxxxx/gb/gb.lib
		MODULE drawing.o
	LIBRARY C:\Users\s189074\Desktop\Complex_Game_Systems\gbdk\lib/small/asxxxx/gb/gb.lib
		MODULE set_xy_t.o
	LIBRARY C:\Users\s189074\Desktop\Complex_Game_Systems\gbdk\lib/small/asxxxx/gb/gb.lib
		MODULE init_tt.o
USERBASEDEF
	_CODE=0x0200
	_DATA=0xC0A0
	_CODE_1=0x4000
USERGLOBALDEF
	.OAM=0xC000
	.STACK=0xE000
	.refresh_OAM=0xFF80
	.init=0x0000
