AREA .  .ABS.
	RADIX HEX
	BASE 0000
	SIZE 0000
	ATTRIB ABS OVR
	GLOBALS
		l__HEAP	0000
		l__BSEG	0000
		l_.  .ABS.	0000
		l__GSFINAL	0000
		l__ISEG	0000
		s_.  .ABS.	0000
		s__HEADER	0000
		l__XSEG	0000
		.init	0000
		l__OVERLAY	0000
		l__LIT	0000
		s__SFR	0000
		l__GSINITTAIL	0001
		l__BSS	0089
		l__HEADER	01EB
		s__CODE	0200
		l__HOME	04AF
		l__DATA	0A16
		l__BASE	114A
		l__CODE	16C7
		s__HOME	18C7
		s__BASE	1D76
		s__LIT	2EC0
		s__GSINIT	2EC0
		l__GSINIT	3ADC
		s__GSINITTAIL	699C
		s__GSFINAL	699D
		.OAM	C000
		s__DATA	C0A0
		s__BSS	CAB6
		s__HEAP	CB3F
		s__BSEG	CB3F
		s__ISEG	CB3F
		s__XSEG	CB3F
		s__OVERLAY	CB3F
		.STACK	E000
		.refresh_OAM	FF80
		l__SFR	10000
AREA _CODE
	RADIX HEX
	BASE 0200
	SIZE 16C7
	ATTRIB REL CON
	GLOBALS
		_animate_Sprite	0200
		_empty_Tile	028F
		_enable_Movement	0290
		_instantiate_Player	02B0
		_move_Player	0525
		_update_Player	068B
		_convert_Map_Position	068C
		_blankmap	0714
		_convert_Room_Position	0715
		_move_Background	07A3
		_set_Map	0CF6
		_swap_Room	0F11
		_main	10A5
		_rand	112B
		_randw	112B
		_putchar	1156
		_setchar	115F
		_gotoxy	1168
		_posx	1173
		_posy	1184
		.adv_gcurs	1195
		.circle	11B2
		.horlin	1255
		.verlin	128D
		.circplot	12E9
		.box	1367
		.line	143D
		.xonly	155E
		.yonly	16AD
		.plot	16CE
		.wrbyte	16EB
		.getpix	176D
		.wrtchr	17A2
		_gotogxy	1806
		_wrtchr	1811
		_getpix	1826
		_color	1832
		_circle	1841
		_box	185B
		_line	187F
		_plot_point	1897
		_plot	18AB
AREA _HEADER
	RADIX HEX
	BASE 0000
	SIZE 01EB
	ATTRIB ABS OVR
	GLOBALS
		_exit	01D2
AREA _HOME
	RADIX HEX
	BASE 18C7
	SIZE 04AF
	ATTRIB REL CON
	GLOBALS
		.set_mode	18C7
		.remove_VBL	18D7
		.remove_LCD	18DD
		.remove_TIM	18E3
		.remove_SIO	18E9
		.remove_JOY	18EF
		.add_VBL	18F5
		.add_LCD	18FB
		.add_TIM	1901
		.add_SIO	1907
		.add_JOY	190D
		.remove_int	1913
		.add_int	1933
		.wait_vbl_done	194F
		_wait_vbl_done	194F
		_display_off	1966
		.display_off	1966
		.serial_IO	1987
		_mode	19B6
		_get_mode	19BF
		_enable_interrupts	19C4
		_disable_interrupts	19C6
		_reset	19C8
		.reset	19C8
		_set_interrupts	19CE
		_remove_VBL	19D9
		_remove_LCD	19E4
		_remove_TIM	19EF
		_remove_SIO	19FA
		_remove_JOY	1A05
		_add_VBL	1A10
		_add_LCD	1A1B
		_add_TIM	1A26
		_add_SIO	1A31
		_add_JOY	1A3C
		_clock	1A47
		__printTStates	1A50
		banked_call	1A51
		banked_ret	1A6A
		_printf	1A73
		_sprintf	1AA2
AREA _BASE
	RADIX HEX
	BASE 1D76
	SIZE 114A
	ATTRIB REL CON
	GLOBALS
		_scroll_bkg	1D76
		__mulschar	1D8C
		__muluchar	1D8C
		__mulsint	1D98
		__muluint	1D98
		.mulu16	1DAC
		.mul16	1DAC
		.mv_sprite	1DC2
		_move_sprite	1DD1
		_set_win_data	1DDE
		_set_bkg_data	1DDE
		_set_sprite_data	1E2B
		.scroll_sprite	1E5A
		_scroll_sprite	1E6B
		.padup	1E78
		_waitpadup	1E78
		.jpad	1E88
		.wait_pad	1EB5
		_joypad	1EBC
		_waitpad	1EC1
		.set_sprite_tile	1ECB
		_set_sprite_tile	1ED8
		.delay	1EE3
		_delay	1F1D
		_initrand	1F26
		.initrand	1F28
		.copy_vram	1F31
		_get_data	1F40
		_set_data	1F40
		_set_bkg_tiles	1F53
		__modslong	1F67
		__divslong	1F67
		__mulslong	1F67
		__divschar	1F68
		__modschar	1F74
		__divsint	1F7F
		__modsint	1F90
		__divuchar	1F9F
		__moduchar	1FAB
		__divuint	1FB6
		__moduint	1FC7
		.mod8	1FD6
		.div8	1FD6
		.mod16	1FDE
		.div16	1FDE
		.modu8	2014
		.divu8	2014
		.modu16	2017
		.divu16	2017
		font_copy_uncompressed	2054
		font_copy_compressed	208A
		font_load	20DF
		font_copy_current	2127
		font_set	216F
		.put_char	217C
		.out_char	2195
		.del_char	219C
		_font_load	21F7
		_font_set	2205
		_font_init	2214
		_cls	2236
		.cls	2236
		.cr_curs	2268
		.adv_curs	227D
		.tmode	22D9
		.tmode_out	2302
		_font_load_ibm_fixed	2312
		_font_ibm_fixed	2319
		_font_ibm_fixed_tiles	241B
		.gmode	2C1B
		.vbl	2C7D
		.lcd	2C88
		.draw_image	2C95
		.switch_data	2C9F
		_switch_data	2CD6
		_draw_image	2CF1
		.y_table	2D04
		.set_xy_wtt	2E24
		.set_xy_btt	2E35
		.set_xy_tt	2E44
		_set_tiles	2E75
		.init_vram	2E8E
		.init_wtt	2E9C
		.init_btt	2EAC
		.init_tt	2EBA
AREA _LIT
	RADIX HEX
	BASE 2EC0
	SIZE 0000
	ATTRIB REL CON
AREA _GSINIT
	RADIX HEX
	BASE 2EC0
	SIZE 3ADC
	ATTRIB REL CON
	GLOBALS
		gsinit	2EC0
AREA _GSINITTAIL
	RADIX HEX
	BASE 699C
	SIZE 0001
	ATTRIB REL CON
AREA _GSFINAL
	RADIX HEX
	BASE 699D
	SIZE 0000
	ATTRIB REL CON
AREA _DATA
	RADIX HEX
	BASE C0A0
	SIZE 0A16
	ATTRIB REL CON
	GLOBALS
		_blank_Dungeon_Room	C0A0
		_dungeon_Map_Sprites	C208
		_dungeon_Room_One	C228
		_dungeon_Room_Two	C628
		_character_With_A_Hat	CA28
		_can_The_Player_Move	CA48
		_has_Players_Position_Been_Set	CA49
		_index_Top_Left_X	CA4A
		_index_Top_Left_Y	CA4C
		_tile_Index_Top_Left	CA4E
		_player_Position	CA50
		_player_Starting_Position	CA54
		_direction	CA58
		_can_The_Screen_Transition	CA59
		_has_Count_Been_Reset	CA5A
		_has_Player_Been_Updated	CA5B
		_map_Array	CA5C
		_current_Position_In_Room	CA62
		_current_Position_On_Map	CA64
		_itlx	CA66
		_itly	CA68
		_returned_Map_Height	CA6A
		_returned_Map_Width	CA6C
		_scroll_X	CA6E
		_scroll_Y	CA70
		_size_Of_Map	CA72
		_map_Index_Array	CA74
		_position_On_Map	CAA6
		_room_Height_Array	CAAA
		_room_Width_Array	CAB0
AREA _BSS
	RADIX HEX
	BASE CAB6
	SIZE 0089
	ATTRIB REL CON
	GLOBALS
		__cpu	CAB6
		.mode	CAB7
		__io_out	CAB8
		__io_in	CAB9
		__io_status	CABA
		.vbl_done	CABB
		__current_bank	CABC
		_sys_time	CABD
		.sys_time	CABD
		.int_0x40	CABF
		.int_0x48	CACF
		.int_0x50	CADF
		.int_0x58	CAEF
		.int_0x60	CAFF
		.randhi	CB0F
		.randlo	CB10
		font_current	CB14
		font_first_free_tile	CB17
		font_table	CB18
		.curx	CB2A
		.cury	CB2B
		.fg_colour	CB2C
		.bg_colour	CB2D
AREA _HEAP
	RADIX HEX
	BASE CB3F
	SIZE 0000
	ATTRIB REL CON
	GLOBALS
		_malloc_heap_start	CB3F
AREA _OVERLAY
	RADIX HEX
	BASE CB3F
	SIZE 0000
	ATTRIB REL CON
AREA _ISEG
	RADIX HEX
	BASE CB3F
	SIZE 0000
	ATTRIB REL CON
AREA _BSEG
	RADIX HEX
	BASE CB3F
	SIZE 0000
	ATTRIB REL CON
AREA _XSEG
	RADIX HEX
	BASE CB3F
	SIZE 0000
	ATTRIB REL CON
AREA _SFR
	RADIX HEX
	BASE 0000
	SIZE 10000
	ATTRIB ABS OVR
	GLOBALS
		_P1_REG	FF00
		_SB_REG	FF01
		_SC_REG	FF02
		_DIV_REG	FF04
		_TIMA_REG	FF05
		_TMA_REG	FF06
		_TAC_REG	FF07
		_IF_REG	FF0F
		_NR10_REG	FF10
		_NR11_REG	FF11
		_NR12_REG	FF12
		_NR13_REG	FF13
		_NR14_REG	FF14
		_NR21_REG	FF16
		_NR22_REG	FF17
		_NR23_REG	FF18
		_NR24_REG	FF19
		_NR30_REG	FF1A
		_NR31_REG	FF1B
		_NR32_REG	FF1C
		_NR33_REG	FF1D
		_NR34_REG	FF1E
		_NR41_REG	FF20
		_NR42_REG	FF21
		_NR43_REG	FF22
		_NR44_REG	FF23
		_NR50_REG	FF24
		_NR51_REG	FF25
		_NR52_REG	FF26
		_LCDC_REG	FF40
		_STAT_REG	FF41
		_SCY_REG	FF42
		_SCX_REG	FF43
		_LY_REG	FF44
		_LYC_REG	FF45
		_DMA_REG	FF46
		_BGP_REG	FF47
		_OBP0_REG	FF48
		_OBP1_REG	FF49
		_WY_REG	FF4A
		_WX_REG	FF4B
		_KEY1_REG	FF4D
		_VBK_REG	FF4F
		_HDMA1_REG	FF51
		_HDMA2_REG	FF52
		_HDMA3_REG	FF53
		_HDMA4_REG	FF54
		_HDMA5_REG	FF55
		_RP_REG	FF56
		_BCPS_REG	FF68
		_BCPD_REG	FF69
		_OCPS_REG	FF6A
		_OCPD_REG	FF6B
		_SVBK_REG	FF70
		_IE_REG	FFFF
MODULES
	FILE C:\Users\s189074\Desktop\Complex_Game_Systems\gbdk\lib/small/asxxxx/gb/crt0.o
		NAME Runtime
	FILE main.o
		NAME lcc148280
LIBRARIES
	LIBRARY C:\Users\s189074\Desktop\Complex_Game_Systems\gbdk\lib/small/asxxxx/gb/gb.lib
		MODULE sfr.o
	LIBRARY C:\Users\s189074\Desktop\Complex_Game_Systems\gbdk\lib/small/asxxxx/gb/gb.lib
		MODULE scroll_b.o
	LIBRARY C:\Users\s189074\Desktop\Complex_Game_Systems\gbdk\lib/small/asxxxx/gbz80/gbz80.lib
		MODULE mul.o
	LIBRARY C:\Users\s189074\Desktop\Complex_Game_Systems\gbdk\lib/small/asxxxx/gb/gb.lib
		MODULE mv_spr.o
	LIBRARY C:\Users\s189074\Desktop\Complex_Game_Systems\gbdk\lib/small/asxxxx/gb/gb.lib
		MODULE set_data.o
	LIBRARY C:\Users\s189074\Desktop\Complex_Game_Systems\gbdk\lib/small/asxxxx/gb/gb.lib
		MODULE scroll_s.o
	LIBRARY C:\Users\s189074\Desktop\Complex_Game_Systems\gbdk\lib/small/asxxxx/gb/gb.lib
		MODULE pad.o
	LIBRARY C:\Users\s189074\Desktop\Complex_Game_Systems\gbdk\lib/small/asxxxx/gb/gb.lib
		MODULE set_spr.o
	LIBRARY C:\Users\s189074\Desktop\Complex_Game_Systems\gbdk\lib/small/asxxxx/gb/gb.lib
		MODULE delay.o
	LIBRARY C:\Users\s189074\Desktop\Complex_Game_Systems\gbdk\lib/small/asxxxx/gbz80/gbz80.lib
		MODULE printf.o
	LIBRARY C:\Users\s189074\Desktop\Complex_Game_Systems\gbdk\lib/small/asxxxx/gb/gb.lib
		MODULE rand.o
	LIBRARY C:\Users\s189074\Desktop\Complex_Game_Systems\gbdk\lib/small/asxxxx/gb/gb.lib
		MODULE cpy_data.o
	LIBRARY C:\Users\s189074\Desktop\Complex_Game_Systems\gbdk\lib/small/asxxxx/gb/gb.lib
		MODULE set_bk_t.o
	LIBRARY C:\Users\s189074\Desktop\Complex_Game_Systems\gbdk\lib/small/asxxxx/gbz80/gbz80.lib
		MODULE div.o
	LIBRARY C:\Users\s189074\Desktop\Complex_Game_Systems\gbdk\lib/small/asxxxx/gb/gb.lib
		MODULE font.o
	LIBRARY C:\Users\s189074\Desktop\Complex_Game_Systems\gbdk\lib/small/asxxxx/gb/gb.lib
		MODULE ibmfixed.o
	LIBRARY C:\Users\s189074\Desktop\Complex_Game_Systems\gbdk\lib/small/asxxxx/gb/gb.lib
		MODULE drawing.o
	LIBRARY C:\Users\s189074\Desktop\Complex_Game_Systems\gbdk\lib/small/asxxxx/gb/gb.lib
		MODULE set_xy_t.o
	LIBRARY C:\Users\s189074\Desktop\Complex_Game_Systems\gbdk\lib/small/asxxxx/gb/gb.lib
		MODULE init_tt.o
USERBASEDEF
	_CODE=0x0200
	_DATA=0xC0A0
	_CODE_1=0x4000
USERGLOBALDEF
	.OAM=0xC000
	.STACK=0xE000
	.refresh_OAM=0xFF80
	.init=0x0000
